2026-03-26 18:39:45,182 : INFO : length of all HE: 28
2026-03-26 18:39:45,182 : INFO : length of all HE: 28
2026-03-26 18:43:54,179 : INFO : reading img ... 
2026-03-26 18:43:54,179 : INFO : reading img ... 
2026-03-26 18:43:55,510 : INFO : HE image shape: (16598, 14301, 3)
2026-03-26 18:43:55,510 : INFO : HE image shape: (16598, 14301, 3)
2026-03-26 18:43:55,512 : INFO : reading sp_log ... 
2026-03-26 18:43:55,512 : INFO : reading sp_log ... 
2026-03-26 18:44:20,673 : INFO : load sf ...
2026-03-26 18:44:20,673 : INFO : load sf ...
2026-03-26 18:44:20,824 : INFO : Keys in the .zarr file: ['0', '1', 'homogeneous_transform']
2026-03-26 18:44:20,824 : INFO : Keys in the .zarr file: ['0', '1', 'homogeneous_transform']
2026-03-26 18:44:20,831 : INFO : sf: 4.7058820724487305
2026-03-26 18:44:20,831 : INFO : sf: 4.7058820724487305
2026-03-26 18:45:18,483 : INFO : reading img ... 
2026-03-26 18:45:18,483 : INFO : reading img ... 
2026-03-26 18:45:18,985 : INFO : HE image shape: (16598, 14301, 3)
2026-03-26 18:45:18,985 : INFO : HE image shape: (16598, 14301, 3)
2026-03-26 18:45:18,986 : INFO : reading sp_log ... 
2026-03-26 18:45:18,986 : INFO : reading sp_log ... 
2026-03-26 18:45:19,338 : INFO : sf: [4.705882]
2026-03-26 18:45:19,338 : INFO : sf: [4.705882]
2026-03-26 18:45:34,043 : INFO : reading img ... 
2026-03-26 18:45:34,043 : INFO : reading img ... 
2026-03-26 18:45:34,513 : INFO : HE image shape: (16598, 14301, 3)
2026-03-26 18:45:34,513 : INFO : HE image shape: (16598, 14301, 3)
2026-03-26 18:45:34,514 : INFO : reading sp_log ... 
2026-03-26 18:45:34,514 : INFO : reading sp_log ... 
2026-03-26 18:45:34,881 : INFO : sf: 4.7058820724487305
2026-03-26 18:45:34,881 : INFO : sf: 4.7058820724487305
